// Jest Snapshot v1, https://goo.gl/fbAQLP

exports[`should render AddTaskPage as expect 1`] = `
ShallowWrapper {
  Symbol(enzyme.__root__): [Circular],
  Symbol(enzyme.__unrendered__): <AddTaskPage
    history={
      Object {
        "push": [MockFunction],
      }
    }
    startAddTask={[MockFunction]}
  />,
  Symbol(enzyme.__renderer__): Object {
    "batchedUpdates": [Function],
    "getNode": [Function],
    "render": [Function],
    "simulateError": [Function],
    "simulateEvent": [Function],
    "unmount": [Function],
  },
  Symbol(enzyme.__node__): Object {
    "instance": null,
    "key": undefined,
    "nodeType": "host",
    "props": Object {
      "children": Array [
        <div
          className="page-header"
        >
          <div
            className="content-container"
          >
            <h1
              className="page-header__title"
            >
              添加待办事项
            </h1>
          </div>
        </div>,
        <div
          className="content-container"
        >
          <Form(TaskForm)
            onSubmit={[Function]}
          />
        </div>,
      ],
    },
    "ref": null,
    "rendered": Array [
      Object {
        "instance": null,
        "key": undefined,
        "nodeType": "host",
        "props": Object {
          "children": <div
            className="content-container"
          >
            <h1
              className="page-header__title"
            >
              添加待办事项
            </h1>
          </div>,
          "className": "page-header",
        },
        "ref": null,
        "rendered": Object {
          "instance": null,
          "key": undefined,
          "nodeType": "host",
          "props": Object {
            "children": <h1
              className="page-header__title"
            >
              添加待办事项
            </h1>,
            "className": "content-container",
          },
          "ref": null,
          "rendered": Object {
            "instance": null,
            "key": undefined,
            "nodeType": "host",
            "props": Object {
              "children": "添加待办事项",
              "className": "page-header__title",
            },
            "ref": null,
            "rendered": "添加待办事项",
            "type": "h1",
          },
          "type": "div",
        },
        "type": "div",
      },
      Object {
        "instance": null,
        "key": undefined,
        "nodeType": "host",
        "props": Object {
          "children": <Form(TaskForm)
            onSubmit={[Function]}
          />,
          "className": "content-container",
        },
        "ref": null,
        "rendered": Object {
          "instance": null,
          "key": undefined,
          "nodeType": "class",
          "props": Object {
            "onSubmit": [Function],
          },
          "ref": null,
          "rendered": null,
          "type": [Function],
        },
        "type": "div",
      },
    ],
    "type": "div",
  },
  Symbol(enzyme.__nodes__): Array [
    Object {
      "instance": null,
      "key": undefined,
      "nodeType": "host",
      "props": Object {
        "children": Array [
          <div
            className="page-header"
          >
            <div
              className="content-container"
            >
              <h1
                className="page-header__title"
              >
                添加待办事项
              </h1>
            </div>
          </div>,
          <div
            className="content-container"
          >
            <Form(TaskForm)
              onSubmit={[Function]}
            />
          </div>,
        ],
      },
      "ref": null,
      "rendered": Array [
        Object {
          "instance": null,
          "key": undefined,
          "nodeType": "host",
          "props": Object {
            "children": <div
              className="content-container"
            >
              <h1
                className="page-header__title"
              >
                添加待办事项
              </h1>
            </div>,
            "className": "page-header",
          },
          "ref": null,
          "rendered": Object {
            "instance": null,
            "key": undefined,
            "nodeType": "host",
            "props": Object {
              "children": <h1
                className="page-header__title"
              >
                添加待办事项
              </h1>,
              "className": "content-container",
            },
            "ref": null,
            "rendered": Object {
              "instance": null,
              "key": undefined,
              "nodeType": "host",
              "props": Object {
                "children": "添加待办事项",
                "className": "page-header__title",
              },
              "ref": null,
              "rendered": "添加待办事项",
              "type": "h1",
            },
            "type": "div",
          },
          "type": "div",
        },
        Object {
          "instance": null,
          "key": undefined,
          "nodeType": "host",
          "props": Object {
            "children": <Form(TaskForm)
              onSubmit={[Function]}
            />,
            "className": "content-container",
          },
          "ref": null,
          "rendered": Object {
            "instance": null,
            "key": undefined,
            "nodeType": "class",
            "props": Object {
              "onSubmit": [Function],
            },
            "ref": null,
            "rendered": null,
            "type": [Function],
          },
          "type": "div",
        },
      ],
      "type": "div",
    },
  ],
  Symbol(enzyme.__options__): Object {
    "adapter": ReactSixteenAdapter {
      "options": Object {
        "enableComponentDidUpdateOnSetState": true,
        "lifecycles": Object {
          "componentDidUpdate": Object {
            "onSetState": true,
          },
          "getDerivedStateFromProps": true,
          "getSnapshotBeforeUpdate": true,
          "setState": Object {
            "skipsComponentDidUpdateOnNullish": true,
          },
        },
      },
    },
  },
}
`;
