// Jest Snapshot v1, https://goo.gl/fbAQLP

exports[`should render AddTaskPage as expect 1`] = `
ShallowWrapper {
  Symbol(enzyme.__root__): [Circular],
  Symbol(enzyme.__unrendered__): <EditTaskPage
    history={
      Object {
        "push": [MockFunction],
      }
    }
    startEditTask={[MockFunction]}
    startRemoveTask={[MockFunction]}
    task={
      Object {
        "description": "测试样例1",
        "expireDate": "2018-11-25T21:03:03+08:00",
        "id": "0",
        "isFinish": "0",
        "level": "0",
        "startDate": "2018-11-11T21:03:03+08:00",
        "title": "测试样例1",
      }
    }
  />,
  Symbol(enzyme.__renderer__): Object {
    "batchedUpdates": [Function],
    "getNode": [Function],
    "render": [Function],
    "simulateError": [Function],
    "simulateEvent": [Function],
    "unmount": [Function],
  },
  Symbol(enzyme.__node__): Object {
    "instance": null,
    "key": undefined,
    "nodeType": "host",
    "props": Object {
      "children": Array [
        <div
          className="page-header"
        >
          <div
            className="content-container"
          >
            <h1
              className="page-header__title"
            >
              编辑待办事项
            </h1>
          </div>
        </div>,
        <div
          className="content-container"
        >
          <Form(TaskForm)
            onSubmit={[Function]}
            task={
              Object {
                "description": "测试样例1",
                "expireDate": "2018-11-25T21:03:03+08:00",
                "id": "0",
                "isFinish": "0",
                "level": "0",
                "startDate": "2018-11-11T21:03:03+08:00",
                "title": "测试样例1",
              }
            }
          />
          <Col
            sm={
              Object {
                "offset": 6,
                "span": 16,
              }
            }
            xs={
              Object {
                "offset": 0,
                "span": 24,
              }
            }
          >
            <Button
              block={false}
              ghost={false}
              loading={false}
              onClick={[Function]}
              prefixCls="ant-btn"
              type="primary"
            >
              删除事项
            </Button>
          </Col>
        </div>,
      ],
    },
    "ref": null,
    "rendered": Array [
      Object {
        "instance": null,
        "key": undefined,
        "nodeType": "host",
        "props": Object {
          "children": <div
            className="content-container"
          >
            <h1
              className="page-header__title"
            >
              编辑待办事项
            </h1>
          </div>,
          "className": "page-header",
        },
        "ref": null,
        "rendered": Object {
          "instance": null,
          "key": undefined,
          "nodeType": "host",
          "props": Object {
            "children": <h1
              className="page-header__title"
            >
              编辑待办事项
            </h1>,
            "className": "content-container",
          },
          "ref": null,
          "rendered": Object {
            "instance": null,
            "key": undefined,
            "nodeType": "host",
            "props": Object {
              "children": "编辑待办事项",
              "className": "page-header__title",
            },
            "ref": null,
            "rendered": "编辑待办事项",
            "type": "h1",
          },
          "type": "div",
        },
        "type": "div",
      },
      Object {
        "instance": null,
        "key": undefined,
        "nodeType": "host",
        "props": Object {
          "children": Array [
            <Form(TaskForm)
              onSubmit={[Function]}
              task={
                Object {
                  "description": "测试样例1",
                  "expireDate": "2018-11-25T21:03:03+08:00",
                  "id": "0",
                  "isFinish": "0",
                  "level": "0",
                  "startDate": "2018-11-11T21:03:03+08:00",
                  "title": "测试样例1",
                }
              }
            />,
            <Col
              sm={
                Object {
                  "offset": 6,
                  "span": 16,
                }
              }
              xs={
                Object {
                  "offset": 0,
                  "span": 24,
                }
              }
            >
              <Button
                block={false}
                ghost={false}
                loading={false}
                onClick={[Function]}
                prefixCls="ant-btn"
                type="primary"
              >
                删除事项
              </Button>
            </Col>,
          ],
          "className": "content-container",
        },
        "ref": null,
        "rendered": Array [
          Object {
            "instance": null,
            "key": undefined,
            "nodeType": "class",
            "props": Object {
              "onSubmit": [Function],
              "task": Object {
                "description": "测试样例1",
                "expireDate": "2018-11-25T21:03:03+08:00",
                "id": "0",
                "isFinish": "0",
                "level": "0",
                "startDate": "2018-11-11T21:03:03+08:00",
                "title": "测试样例1",
              },
            },
            "ref": null,
            "rendered": null,
            "type": [Function],
          },
          Object {
            "instance": null,
            "key": undefined,
            "nodeType": "class",
            "props": Object {
              "children": <Button
                block={false}
                ghost={false}
                loading={false}
                onClick={[Function]}
                prefixCls="ant-btn"
                type="primary"
              >
                删除事项
              </Button>,
              "sm": Object {
                "offset": 6,
                "span": 16,
              },
              "xs": Object {
                "offset": 0,
                "span": 24,
              },
            },
            "ref": null,
            "rendered": Object {
              "instance": null,
              "key": undefined,
              "nodeType": "class",
              "props": Object {
                "block": false,
                "children": "删除事项",
                "ghost": false,
                "loading": false,
                "onClick": [Function],
                "prefixCls": "ant-btn",
                "type": "primary",
              },
              "ref": null,
              "rendered": "删除事项",
              "type": [Function],
            },
            "type": [Function],
          },
        ],
        "type": "div",
      },
    ],
    "type": "div",
  },
  Symbol(enzyme.__nodes__): Array [
    Object {
      "instance": null,
      "key": undefined,
      "nodeType": "host",
      "props": Object {
        "children": Array [
          <div
            className="page-header"
          >
            <div
              className="content-container"
            >
              <h1
                className="page-header__title"
              >
                编辑待办事项
              </h1>
            </div>
          </div>,
          <div
            className="content-container"
          >
            <Form(TaskForm)
              onSubmit={[Function]}
              task={
                Object {
                  "description": "测试样例1",
                  "expireDate": "2018-11-25T21:03:03+08:00",
                  "id": "0",
                  "isFinish": "0",
                  "level": "0",
                  "startDate": "2018-11-11T21:03:03+08:00",
                  "title": "测试样例1",
                }
              }
            />
            <Col
              sm={
                Object {
                  "offset": 6,
                  "span": 16,
                }
              }
              xs={
                Object {
                  "offset": 0,
                  "span": 24,
                }
              }
            >
              <Button
                block={false}
                ghost={false}
                loading={false}
                onClick={[Function]}
                prefixCls="ant-btn"
                type="primary"
              >
                删除事项
              </Button>
            </Col>
          </div>,
        ],
      },
      "ref": null,
      "rendered": Array [
        Object {
          "instance": null,
          "key": undefined,
          "nodeType": "host",
          "props": Object {
            "children": <div
              className="content-container"
            >
              <h1
                className="page-header__title"
              >
                编辑待办事项
              </h1>
            </div>,
            "className": "page-header",
          },
          "ref": null,
          "rendered": Object {
            "instance": null,
            "key": undefined,
            "nodeType": "host",
            "props": Object {
              "children": <h1
                className="page-header__title"
              >
                编辑待办事项
              </h1>,
              "className": "content-container",
            },
            "ref": null,
            "rendered": Object {
              "instance": null,
              "key": undefined,
              "nodeType": "host",
              "props": Object {
                "children": "编辑待办事项",
                "className": "page-header__title",
              },
              "ref": null,
              "rendered": "编辑待办事项",
              "type": "h1",
            },
            "type": "div",
          },
          "type": "div",
        },
        Object {
          "instance": null,
          "key": undefined,
          "nodeType": "host",
          "props": Object {
            "children": Array [
              <Form(TaskForm)
                onSubmit={[Function]}
                task={
                  Object {
                    "description": "测试样例1",
                    "expireDate": "2018-11-25T21:03:03+08:00",
                    "id": "0",
                    "isFinish": "0",
                    "level": "0",
                    "startDate": "2018-11-11T21:03:03+08:00",
                    "title": "测试样例1",
                  }
                }
              />,
              <Col
                sm={
                  Object {
                    "offset": 6,
                    "span": 16,
                  }
                }
                xs={
                  Object {
                    "offset": 0,
                    "span": 24,
                  }
                }
              >
                <Button
                  block={false}
                  ghost={false}
                  loading={false}
                  onClick={[Function]}
                  prefixCls="ant-btn"
                  type="primary"
                >
                  删除事项
                </Button>
              </Col>,
            ],
            "className": "content-container",
          },
          "ref": null,
          "rendered": Array [
            Object {
              "instance": null,
              "key": undefined,
              "nodeType": "class",
              "props": Object {
                "onSubmit": [Function],
                "task": Object {
                  "description": "测试样例1",
                  "expireDate": "2018-11-25T21:03:03+08:00",
                  "id": "0",
                  "isFinish": "0",
                  "level": "0",
                  "startDate": "2018-11-11T21:03:03+08:00",
                  "title": "测试样例1",
                },
              },
              "ref": null,
              "rendered": null,
              "type": [Function],
            },
            Object {
              "instance": null,
              "key": undefined,
              "nodeType": "class",
              "props": Object {
                "children": <Button
                  block={false}
                  ghost={false}
                  loading={false}
                  onClick={[Function]}
                  prefixCls="ant-btn"
                  type="primary"
                >
                  删除事项
                </Button>,
                "sm": Object {
                  "offset": 6,
                  "span": 16,
                },
                "xs": Object {
                  "offset": 0,
                  "span": 24,
                },
              },
              "ref": null,
              "rendered": Object {
                "instance": null,
                "key": undefined,
                "nodeType": "class",
                "props": Object {
                  "block": false,
                  "children": "删除事项",
                  "ghost": false,
                  "loading": false,
                  "onClick": [Function],
                  "prefixCls": "ant-btn",
                  "type": "primary",
                },
                "ref": null,
                "rendered": "删除事项",
                "type": [Function],
              },
              "type": [Function],
            },
          ],
          "type": "div",
        },
      ],
      "type": "div",
    },
  ],
  Symbol(enzyme.__options__): Object {
    "adapter": ReactSixteenAdapter {
      "options": Object {
        "enableComponentDidUpdateOnSetState": true,
        "lifecycles": Object {
          "componentDidUpdate": Object {
            "onSetState": true,
          },
          "getDerivedStateFromProps": true,
          "getSnapshotBeforeUpdate": true,
          "setState": Object {
            "skipsComponentDidUpdateOnNullish": true,
          },
        },
      },
    },
  },
}
`;
