// Jest Snapshot v1, https://goo.gl/fbAQLP

exports[`should render Header as expect 1`] = `
ShallowWrapper {
  Symbol(enzyme.__root__): [Circular],
  Symbol(enzyme.__unrendered__): <Header />,
  Symbol(enzyme.__renderer__): Object {
    "batchedUpdates": [Function],
    "getNode": [Function],
    "render": [Function],
    "simulateError": [Function],
    "simulateEvent": [Function],
    "unmount": [Function],
  },
  Symbol(enzyme.__node__): Object {
    "instance": null,
    "key": undefined,
    "nodeType": "host",
    "props": Object {
      "children": <div
        className="content-container"
      >
        <div
          className="header__content"
        >
          <Link
            className="header__title"
            replace={false}
            to="/"
          >
            <h1>
              TodoList
            </h1>
          </Link>
        </div>
      </div>,
      "className": "header",
    },
    "ref": null,
    "rendered": Object {
      "instance": null,
      "key": undefined,
      "nodeType": "host",
      "props": Object {
        "children": <div
          className="header__content"
        >
          <Link
            className="header__title"
            replace={false}
            to="/"
          >
            <h1>
              TodoList
            </h1>
          </Link>
        </div>,
        "className": "content-container",
      },
      "ref": null,
      "rendered": Object {
        "instance": null,
        "key": undefined,
        "nodeType": "host",
        "props": Object {
          "children": <Link
            className="header__title"
            replace={false}
            to="/"
          >
            <h1>
              TodoList
            </h1>
          </Link>,
          "className": "header__content",
        },
        "ref": null,
        "rendered": Object {
          "instance": null,
          "key": undefined,
          "nodeType": "class",
          "props": Object {
            "children": <h1>
              TodoList
            </h1>,
            "className": "header__title",
            "replace": false,
            "to": "/",
          },
          "ref": null,
          "rendered": Object {
            "instance": null,
            "key": undefined,
            "nodeType": "host",
            "props": Object {
              "children": "TodoList",
            },
            "ref": null,
            "rendered": "TodoList",
            "type": "h1",
          },
          "type": [Function],
        },
        "type": "div",
      },
      "type": "div",
    },
    "type": "header",
  },
  Symbol(enzyme.__nodes__): Array [
    Object {
      "instance": null,
      "key": undefined,
      "nodeType": "host",
      "props": Object {
        "children": <div
          className="content-container"
        >
          <div
            className="header__content"
          >
            <Link
              className="header__title"
              replace={false}
              to="/"
            >
              <h1>
                TodoList
              </h1>
            </Link>
          </div>
        </div>,
        "className": "header",
      },
      "ref": null,
      "rendered": Object {
        "instance": null,
        "key": undefined,
        "nodeType": "host",
        "props": Object {
          "children": <div
            className="header__content"
          >
            <Link
              className="header__title"
              replace={false}
              to="/"
            >
              <h1>
                TodoList
              </h1>
            </Link>
          </div>,
          "className": "content-container",
        },
        "ref": null,
        "rendered": Object {
          "instance": null,
          "key": undefined,
          "nodeType": "host",
          "props": Object {
            "children": <Link
              className="header__title"
              replace={false}
              to="/"
            >
              <h1>
                TodoList
              </h1>
            </Link>,
            "className": "header__content",
          },
          "ref": null,
          "rendered": Object {
            "instance": null,
            "key": undefined,
            "nodeType": "class",
            "props": Object {
              "children": <h1>
                TodoList
              </h1>,
              "className": "header__title",
              "replace": false,
              "to": "/",
            },
            "ref": null,
            "rendered": Object {
              "instance": null,
              "key": undefined,
              "nodeType": "host",
              "props": Object {
                "children": "TodoList",
              },
              "ref": null,
              "rendered": "TodoList",
              "type": "h1",
            },
            "type": [Function],
          },
          "type": "div",
        },
        "type": "div",
      },
      "type": "header",
    },
  ],
  Symbol(enzyme.__options__): Object {
    "adapter": ReactSixteenAdapter {
      "options": Object {
        "enableComponentDidUpdateOnSetState": true,
        "lifecycles": Object {
          "componentDidUpdate": Object {
            "onSetState": true,
          },
          "getDerivedStateFromProps": true,
          "getSnapshotBeforeUpdate": true,
          "setState": Object {
            "skipsComponentDidUpdateOnNullish": true,
          },
        },
      },
    },
  },
}
`;
